// Jest Snapshot v1, https://goo.gl/fbAQLP

exports[`should render first ExpenseListItem from expenses 1`] = `
<div>
  <Link
    replace={false}
    to="/edit/2"
  >
    <h3>
       description: 
      Rent
       
    </h3>
  </Link>
  <p>
    $1,095.00
    -
    December 28th, 1969
  </p>
</div>
`;
